4038  mmap(0x7fd507bff000, 1224, PROT_READ|PROT_WRITE, MAP_PRIVATE|MAP_FIXED|MAP_ANONYMOUS, -1, 0 <unfinished ...>
4037  mmap(NULL, 181896, PROT_READ, MAP_PRIVATE|MAP_DENYWRITE, 11, 0 <unfinished ...>
4036  <... mmap resumed>)               = 0x7fd507efe000
4038  <... mmap resumed>)               = 0x7fd507bff000
4038  close(13 <unfinished ...>
4037  <... mmap resumed>)               = 0x7fd507ef8000
4036  mmap(0x7fd507f19000, 32768, PROT_READ, MAP_PRIVATE|MAP_FIXED|MAP_DENYWRITE, 9, 0x21000 <unfinished ...>
4038  <... close resumed>)              = 0
4038  openat(AT_FDCWD, "/lib64/libselinux.so.1", O_RDONLY|O_CLOEXEC <unfinished ...>
4037  mmap(0x7fd507efe000, 110592, PROT_READ|PROT_EXEC, MAP_PRIVATE|MAP_FIXED|MAP_DENYWRITE, 11, 0x6000 <unfinished ...>
4036  <... mmap resumed>)               = 0x7fd507f19000
4038  <... openat resumed>)             = 13
4037  <... mmap resumed>)               = 0x7fd507efe000
4036  mmap(0x7fd507f21000, 8192, PROT_READ|PROT_WRITE, MAP_PRIVATE|MAP_FIXED|MAP_DENYWRITE, 9, 0x28000 <unfinished ...>
4038  read(13,  <unfinished ...>
4037  mmap(0x7fd507f19000, 32768, PROT_READ, MAP_PRIVATE|MAP_FIXED|MAP_DENYWRITE, 11, 0x21000 <unfinished ...>
4038  <... read resumed>"\177ELF\2\1\1\0\0\0\0\0\0\0\0\0\3\0>\0\1\0\0\0pp\0\0\0\0\0\0"..., 832) = 832
4036  <... mmap resumed>)               = 0x7fd507f21000
4037  <... mmap resumed>)               = 0x7fd507f19000
4038  fstat(13,  <unfinished ...>
4037  mmap(0x7fd507f21000, 8192, PROT_READ|PROT_WRITE, MAP_PRIVATE|MAP_FIXED|MAP_DENYWRITE, 11, 0x28000 <unfinished ...>
4036  mmap(0x7fd507f23000, 5768, PROT_READ|PROT_WRITE, MAP_PRIVATE|MAP_FIXED|MAP_ANONYMOUS, -1, 0 <unfinished ...>
4038  <... fstat resumed>{st_mode=S_IFREG|0755, st_size=175760, ...}) = 0
4038  mmap(NULL, 181896, PROT_READ, MAP_PRIVATE|MAP_DENYWRITE, 13, 0 <unfinished ...>
4037  <... mmap resumed>)               = 0x7fd507f21000
4036  <... mmap resumed>)               = 0x7fd507f23000
4038  <... mmap resumed>)               = 0x7fd507ef8000
4037  mmap(0x7fd507f23000, 5768, PROT_READ|PROT_WRITE, MAP_PRIVATE|MAP_FIXED|MAP_ANONYMOUS, -1, 0 <unfinished ...>
4038  mmap(0x7fd507efe000, 110592, PROT_READ|PROT_EXEC, MAP_PRIVATE|MAP_FIXED|MAP_DENYWRITE, 13, 0x6000 <unfinished ...>
4037  <... mmap resumed>)               = 0x7fd507f23000
4036  close(9 <unfinished ...>
4038  <... mmap resumed>)               = 0x7fd507efe000
4037  close(11 <unfinished ...>
4036  <... close resumed>)              = 0
4038  mmap(0x7fd507f19000, 32768, PROT_READ, MAP_PRIVATE|MAP_FIXED|MAP_DENYWRITE, 13, 0x21000 <unfinished ...>
4037  <... close resumed>)              = 0
4036  openat(AT_FDCWD, "/lib64/libgcc_s.so.1", O_RDONLY|O_CLOEXEC <unfinished ...>
4038  <... mmap resumed>)               = 0x7fd507f19000
4037  openat(AT_FDCWD, "/lib64/libgcc_s.so.1", O_RDONLY|O_CLOEXEC <unfinished ...>
4038  mmap(0x7fd507f21000, 8192, PROT_READ|PROT_WRITE, MAP_PRIVATE|MAP_FIXED|MAP_DENYWRITE, 13, 0x28000 <unfinished ...>
4036  <... openat resumed>)             = 9
4037  <... openat resumed>)             = 11
4036  read(9,  <unfinished ...>
4038  <... mmap resumed>)               = 0x7fd507f21000
4037  read(11,  <unfinished ...>
4036  <... read resumed>"\177ELF\2\1\1\0\0\0\0\0\0\0\0\0\3\0>\0\1\0\0\0\3605\0\0\0\0\0\0"..., 832) = 832
4038  mmap(0x7fd507f23000, 5768, PROT_READ|PROT_WRITE, MAP_PRIVATE|MAP_FIXED|MAP_ANONYMOUS, -1, 0 <unfinished ...>
4037  <... read resumed>"\177ELF\2\1\1\0\0\0\0\0\0\0\0\0\3\0>\0\1\0\0\0\3605\0\0\0\0\0\0"..., 832) = 832
4038  <... mmap resumed>)               = 0x7fd507f23000
4037  fstat(11,  <unfinished ...>
4036  fstat(9,  <unfinished ...>
4038  close(13)                         = 0
4037  <... fstat resumed>{st_mode=S_IFREG|0755, st_size=108136, ...}) = 0
4036  <... fstat resumed>{st_mode=S_IFREG|0755, st_size=108136, ...}) = 0
4038  openat(AT_FDCWD, "/lib64/libgcc_s.so.1", O_RDONLY|O_CLOEXEC <unfinished ...>
4037  mmap(NULL, 103112, PROT_READ, MAP_PRIVATE|MAP_DENYWRITE, 11, 0 <unfinished ...>
4038  <... openat resumed>)             = 13
4036  mmap(NULL, 103112, PROT_READ, MAP_PRIVATE|MAP_DENYWRITE, 9, 0 <unfinished ...>
4038  read(13,  <unfinished ...>
4037  <... mmap resumed>)               = 0x7fd507ede000
4036  <... mmap resumed>)               = 0x7fd507ede000
4038  <... read resumed>"\177ELF\2\1\1\0\0\0\0\0\0\0\0\0\3\0>\0\1\0\0\0\3605\0\0\0\0\0\0"..., 832) = 832
4038  fstat(13,  <unfinished ...>
4037  mmap(0x7fd507ee1000, 73728, PROT_READ|PROT_EXEC, MAP_PRIVATE|MAP_FIXED|MAP_DENYWRITE, 11, 0x3000 <unfinished ...>
4036  mmap(0x7fd507ee1000, 73728, PROT_READ|PROT_EXEC, MAP_PRIVATE|MAP_FIXED|MAP_DENYWRITE, 9, 0x3000 <unfinished ...>
4038  <... fstat resumed>{st_mode=S_IFREG|0755, st_size=108136, ...}) = 0
4038  mmap(NULL, 103112, PROT_READ, MAP_PRIVATE|MAP_DENYWRITE, 13, 0 <unfinished ...>
4037  <... mmap resumed>)               = 0x7fd507ee1000
4036  <... mmap resumed>)               = 0x7fd507ee1000
4038  <... mmap resumed>)               = 0x7fd507ede000
4038  mmap(0x7fd507ee1000, 73728, PROT_READ|PROT_EXEC, MAP_PRIVATE|MAP_FIXED|MAP_DENYWRITE, 13, 0x3000 <unfinished ...>
4037  mmap(0x7fd507ef3000, 12288, PROT_READ, MAP_PRIVATE|MAP_FIXED|MAP_DENYWRITE, 11, 0x15000 <unfinished ...>
4036  mmap(0x7fd507ef3000, 12288, PROT_READ, MAP_PRIVATE|MAP_FIXED|MAP_DENYWRITE, 9, 0x15000 <unfinished ...>
4038  <... mmap resumed>)               = 0x7fd507ee1000
4037  <... mmap resumed>)               = 0x7fd507ef3000
4038  mmap(0x7fd507ef3000, 12288, PROT_READ, MAP_PRIVATE|MAP_FIXED|MAP_DENYWRITE, 13, 0x15000 <unfinished ...>
4037  mmap(0x7fd507ef6000, 8192, PROT_READ|PROT_WRITE, MAP_PRIVATE|MAP_FIXED|MAP_DENYWRITE, 11, 0x18000 <unfinished ...>
4036  <... mmap resumed>)               = 0x7fd507ef3000
4038  <... mmap resumed>)               = 0x7fd507ef3000
4037  <... mmap resumed>)               = 0x7fd507ef6000
4038  mmap(0x7fd507ef6000, 8192, PROT_READ|PROT_WRITE, MAP_PRIVATE|MAP_FIXED|MAP_DENYWRITE, 13, 0x18000 <unfinished ...>
4036  mmap(0x7fd507ef6000, 8192, PROT_READ|PROT_WRITE, MAP_PRIVATE|MAP_FIXED|MAP_DENYWRITE, 9, 0x18000 <unfinished ...>
4038  <... mmap resumed>)               = 0x7fd507ef6000
4037  close(11 <unfinished ...>
4036  <... mmap resumed>)               = 0x7fd507ef6000
4038  close(13 <unfinished ...>
4037  <... close resumed>)              = 0
4036  close(9 <unfinished ...>
4038  <... close resumed>)              = 0
4038  openat(AT_FDCWD, "/lib64/libffi.so.8", O_RDONLY|O_CLOEXEC <unfinished ...>
4037  openat(AT_FDCWD, "/lib64/libffi.so.8", O_RDONLY|O_CLOEXEC <unfinished ...>
4036  <... close resumed>)              = 0
4038  <... openat resumed>)             = 13
4037  <... openat resumed>)             = 11
4038  read(13,  <unfinished ...>
4037  read(11,  <unfinished ...>
4036  openat(AT_FDCWD, "/lib64/libffi.so.8", O_RDONLY|O_CLOEXEC <unfinished ...>
4038  <... read resumed>"\177ELF\2\1\1\0\0\0\0\0\0\0\0\0\3\0>\0\1\0\0\0\220%\0\0\0\0\0\0"..., 832) = 832
4037  <... read resumed>"\177ELF\2\1\1\0\0\0\0\0\0\0\0\0\3\0>\0\1\0\0\0\220%\0\0\0\0\0\0"..., 832) = 832
4038  fstat(13,  <unfinished ...>
4036  <... openat resumed>)             = 9
4037  fstat(11,  <unfinished ...>
4038  <... fstat resumed>{st_mode=S_IFREG|0755, st_size=44784, ...}) = 0
4037  <... fstat resumed>{st_mode=S_IFREG|0755, st_size=44784, ...}) = 0
4036  read(9,  <unfinished ...>
4038  mmap(NULL, 46320, PROT_READ, MAP_PRIVATE|MAP_DENYWRITE, 13, 0) = 0x7fd507ed2000
4037  mmap(NULL, 46320, PROT_READ, MAP_PRIVATE|MAP_DENYWRITE, 11, 0 <unfinished ...>
4036  <... read resumed>"\177ELF\2\1\1\0\0\0\0\0\0\0\0\0\3\0>\0\1\0\0\0\220%\0\0\0\0\0\0"..., 832) = 832
4038  mprotect(0x7fd507ed4000, 32768, PROT_NONE <unfinished ...>
4037  <... mmap resumed>)               = 0x7fd507ed2000
4036  fstat(9,  <unfinished ...>
4038  <... mprotect resumed>)           = 0
4037  mprotect(0x7fd507ed4000, 32768, PROT_NONE <unfinished ...>
4038  mmap(0x7fd507ed4000, 24576, PROT_READ|PROT_EXEC, MAP_PRIVATE|MAP_FIXED|MAP_DENYWRITE, 13, 0x2000 <unfinished ...>
4036  <... fstat resumed>{st_mode=S_IFREG|0755, st_size=44784, ...}) = 0
4037  <... mprotect resumed>)           = 0
4038  <... mmap resumed>)               = 0x7fd507ed4000
4037  mmap(0x7fd507ed4000, 24576, PROT_READ|PROT_EXEC, MAP_PRIVATE|MAP_FIXED|MAP_DENYWRITE, 11, 0x2000 <unfinished ...>
4036  mmap(NULL, 46320, PROT_READ, MAP_PRIVATE|MAP_DENYWRITE, 9, 0 <unfinished ...>
4038  mmap(0x7fd507eda000, 4096, PROT_READ, MAP_PRIVATE|MAP_FIXED|MAP_DENYWRITE, 13, 0x8000) = 0x7fd507eda000
4037  <... mmap resumed>)               = 0x7fd507ed4000
4036  <... mmap resumed>)               = 0x7fd507ed2000
4038  mmap(0x7fd507edc000, 8192, PROT_READ|PROT_WRITE, MAP_PRIVATE|MAP_FIXED|MAP_DENYWRITE, 13, 0x9000 <unfinished ...>
4037  mmap(0x7fd507eda000, 4096, PROT_READ, MAP_PRIVATE|MAP_FIXED|MAP_DENYWRITE, 11, 0x8000 <unfinished ...>
4036  mprotect(0x7fd507ed4000, 32768, PROT_NONE <unfinished ...>
4038  <... mmap resumed>)               = 0x7fd507edc000
4038  close(13 <unfinished ...>
4037  <... mmap resumed>)               = 0x7fd507eda000
4036  <... mprotect resumed>)           = 0
4038  <... close resumed>)              = 0
4037  mmap(0x7fd507edc000, 8192, PROT_READ|PROT_WRITE, MAP_PRIVATE|MAP_FIXED|MAP_DENYWRITE, 11, 0x9000 <unfinished ...>
4036  mmap(0x7fd507ed4000, 24576, PROT_READ|PROT_EXEC, MAP_PRIVATE|MAP_FIXED|MAP_DENYWRITE, 9, 0x2000 <unfinished ...>
4038  openat(AT_FDCWD, "/lib64/libpcre2-8.so.0", O_RDONLY|O_CLOEXEC) = 13
4037  <... mmap resumed>)               = 0x7fd507edc000
4036  <... mmap resumed>)               = 0x7fd507ed4000
4038  read(13, "\177ELF\2\1\1\0\0\0\0\0\0\0\0\0\3\0>\0\1\0\0\0\220$\0\0\0\0\0\0"..., 832) = 832
4037  close(11 <unfinished ...>
4036  mmap(0x7fd507eda000, 4096, PROT_READ, MAP_PRIVATE|MAP_FIXED|MAP_DENYWRITE, 9, 0x8000 <unfinished ...>
4038  fstat(13,  <unfinished ...>
4037  <... close resumed>)              = 0
4038  <... fstat resumed>{st_mode=S_IFREG|0755, st_size=636840, ...}) = 0
4037  openat(AT_FDCWD, "/lib64/libpcre2-8.so.0", O_RDONLY|O_CLOEXEC <unfinished ...>
4036  <... mmap resumed>)               = 0x7fd507eda000
4038  mmap(NULL, 635440, PROT_READ, MAP_PRIVATE|MAP_DENYWRITE, 13, 0) = 0x7fd507e36000
4037  <... openat resumed>)             = 11
4036  mmap(0x7fd507edc000, 8192, PROT_READ|PROT_WRITE, MAP_PRIVATE|MAP_FIXED|MAP_DENYWRITE, 9, 0x9000 <unfinished ...>
4038  mmap(0x7fd507e38000, 446464, PROT_READ|PROT_EXEC, MAP_PRIVATE|MAP_FIXED|MAP_DENYWRITE, 13, 0x2000) = 0x7fd507e38000
4037  read(11,  <unfinished ...>
4036  <... mmap resumed>)               = 0x7fd507edc000
4038  mmap(0x7fd507ea5000, 176128, PROT_READ, MAP_PRIVATE|MAP_FIXED|MAP_DENYWRITE, 13, 0x6f000) = 0x7fd507ea5000
4037  <... read resumed>"\177ELF\2\1\1\0\0\0\0\0\0\0\0\0\3\0>\0\1\0\0\0\220$\0\0\0\0\0\0"..., 832) = 832
4036  close(9 <unfinished ...>
4038  mmap(0x7fd507ed0000, 8192, PROT_READ|PROT_WRITE, MAP_PRIVATE|MAP_FIXED|MAP_DENYWRITE, 13, 0x99000) = 0x7fd507ed0000
4037  fstat(11,  <unfinished ...>
4036  <... close resumed>)              = 0
4038  close(13 <unfinished ...>
4037  <... fstat resumed>{st_mode=S_IFREG|0755, st_size=636840, ...}) = 0
4038  <... close resumed>)              = 0
4036  openat(AT_FDCWD, "/lib64/libpcre2-8.so.0", O_RDONLY|O_CLOEXEC <unfinished ...>
4037  mmap(NULL, 635440, PROT_READ, MAP_PRIVATE|MAP_DENYWRITE, 11, 0 <unfinished ...>
4036  <... openat resumed>)             = 9
4037  <... mmap resumed>)               = 0x7fd507e36000
4038  mprotect(0x7fd507ed0000, 4096, PROT_READ <unfinished ...>
4037  mmap(0x7fd507e38000, 446464, PROT_READ|PROT_EXEC, MAP_PRIVATE|MAP_FIXED|MAP_DENYWRITE, 11, 0x2000 <unfinished ...>
4036  read(9,  <unfinished ...>
4038  <... mprotect resumed>)           = 0
4038  mprotect(0x7fd507edc000, 4096, PROT_READ <unfinished ...>
4037  <... mmap resumed>)               = 0x7fd507e38000
4036  <... read resumed>"\177ELF\2\1\1\0\0\0\0\0\0\0\0\0\3\0>\0\1\0\0\0\220$\0\0\0\0\0\0"..., 832) = 832
4038  <... mprotect resumed>)           = 0
4037  mmap(0x7fd507ea5000, 176128, PROT_READ, MAP_PRIVATE|MAP_FIXED|MAP_DENYWRITE, 11, 0x6f000 <unfinished ...>
4036  fstat(9,  <unfinished ...>
4038  mprotect(0x7fd507ef6000, 4096, PROT_READ <unfinished ...>
4037  <... mmap resumed>)               = 0x7fd507ea5000
4036  <... fstat resumed>{st_mode=S_IFREG|0755, st_size=636840, ...}) = 0
4038  <... mprotect resumed>)           = 0
4037  mmap(0x7fd507ed0000, 8192, PROT_READ|PROT_WRITE, MAP_PRIVATE|MAP_FIXED|MAP_DENYWRITE, 11, 0x99000 <unfinished ...>
4038  mprotect(0x7fd507f21000, 4096, PROT_READ <unfinished ...>
4036  mmap(NULL, 635440, PROT_READ, MAP_PRIVATE|MAP_DENYWRITE, 9, 0 <unfinished ...>
4037  <... mmap resumed>)               = 0x7fd507ed0000
4036  <... mmap resumed>)               = 0x7fd507e36000
4038  <... mprotect resumed>)           = 0
4037  close(11 <unfinished ...>
4036  mmap(0x7fd507e38000, 446464, PROT_READ|PROT_EXEC, MAP_PRIVATE|MAP_FIXED|MAP_DENYWRITE, 9, 0x2000 <unfinished ...>
4038  mprotect(0x7fd507be6000, 49152, PROT_READ <unfinished ...>
4037  <... close resumed>)              = 0
4036  <... mmap resumed>)               = 0x7fd507e38000
4038  <... mprotect resumed>)           = 0
4038  mprotect(0x7fd507ffe000, 4096, PROT_READ <unfinished ...>
4037  mprotect(0x7fd507ed0000, 4096, PROT_READ <unfinished ...>
4036  mmap(0x7fd507ea5000, 176128, PROT_READ, MAP_PRIVATE|MAP_FIXED|MAP_DENYWRITE, 9, 0x6f000 <unfinished ...>
4038  <... mprotect resumed>)           = 0
4037  <... mprotect resumed>)           = 0
4036  <... mmap resumed>)               = 0x7fd507ea5000
4038  mprotect(0x7fd508522000, 4096, PROT_READ) = 0
4037  mprotect(0x7fd507edc000, 4096, PROT_READ <unfinished ...>
4036  mmap(0x7fd507ed0000, 8192, PROT_READ|PROT_WRITE, MAP_PRIVATE|MAP_FIXED|MAP_DENYWRITE, 9, 0x99000 <unfinished ...>
4038  mprotect(0x7fd508575000, 16384, PROT_READ <unfinished ...>
4037  <... mprotect resumed>)           = 0
4036  <... mmap resumed>)               = 0x7fd507ed0000
4038  <... mprotect resumed>)           = 0
4037  mprotect(0x7fd507ef6000, 4096, PROT_READ) = 0
4036  close(9 <unfinished ...>
4038  statfs("/sys/fs/selinux",  <unfinished ...>
4037  mprotect(0x7fd507f21000, 4096, PROT_READ <unfinished ...>
4036  <... close resumed>)              = 0
4038  <... statfs resumed>{f_type=SYSFS_MAGIC, f_bsize=4096, f_blocks=0, f_bfree=0, f_bavail=0, f_files=0, f_ffree=0, f_fsid={val=[0, 0]}, f_namelen=255, f_frsize=4096, f_flags=ST_VALID|ST_NOSUID|ST_NODEV|ST_NOEXEC|ST_RELATIME}) = 0
4037  <... mprotect resumed>)           = 0
4038  statfs("/selinux",  <unfinished ...>
4037  mprotect(0x7fd507be6000, 49152, PROT_READ <unfinished ...>
4036  mprotect(0x7fd507ed0000, 4096, PROT_READ <unfinished ...>
4038  <... statfs resumed>0x7ffd568a5fa0) = -1 ENOENT (No such file or directory)
4037  <... mprotect resumed>)           = 0
4036  <... mprotect resumed>)           = 0
4038  openat(AT_FDCWD, "/proc/filesystems", O_RDONLY|O_CLOEXEC) = 13
4037  mprotect(0x7fd507ffe000, 4096, PROT_READ <unfinished ...>
4036  mprotect(0x7fd507edc000, 4096, PROT_READ <unfinished ...>
4038  fstat(13,  <unfinished ...>
4037  <... mprotect resumed>)           = 0
4038  <... fstat resumed>{st_mode=S_IFREG|0444, st_size=0, ...}) = 0
4037  mprotect(0x7fd508522000, 4096, PROT_READ <unfinished ...>
4036  <... mprotect resumed>)           = 0
4038  read(13,  <unfinished ...>
4037  <... mprotect resumed>)           = 0
4038  <... read resumed>"nodev\tsysfs\nnodev\ttmpfs\nnodev\tbd"..., 1024) = 332
4037  mprotect(0x7fd508575000, 16384, PROT_READ <unfinished ...>
4036  mprotect(0x7fd507ef6000, 4096, PROT_READ <unfinished ...>
4038  close(13 <unfinished ...>
4037  <... mprotect resumed>)           = 0
4036  <... mprotect resumed>)           = 0
4038  <... close resumed>)              = 0
4036  mprotect(0x7fd507f21000, 4096, PROT_READ <unfinished ...>
4037  statfs("/sys/fs/selinux",  <unfinished ...>
4036  <... mprotect resumed>)           = 0
4038  openat(AT_FDCWD, "/proc/mounts", O_RDONLY|O_CLOEXEC <unfinished ...>
4037  <... statfs resumed>{f_type=SYSFS_MAGIC, f_bsize=4096, f_blocks=0, f_bfree=0, f_bavail=0, f_files=0, f_ffree=0, f_fsid={val=[0, 0]}, f_namelen=255, f_frsize=4096, f_flags=ST_VALID|ST_NOSUID|ST_NODEV|ST_NOEXEC|ST_RELATIME}) = 0
4037  statfs("/selinux",  <unfinished ...>
4038  <... openat resumed>)             = 13
4036  mprotect(0x7fd507be6000, 49152, PROT_READ <unfinished ...>
4037  <... statfs resumed>0x7ffd568a5fa0) = -1 ENOENT (No such file or directory)
4038  fstat(13,  <unfinished ...>
4037  openat(AT_FDCWD, "/proc/filesystems", O_RDONLY|O_CLOEXEC <unfinished ...>
4036  <... mprotect resumed>)           = 0
4038  <... fstat resumed>{st_mode=S_IFREG|0444, st_size=0, ...}) = 0
4038  read(13,  <unfinished ...>
4037  <... openat resumed>)             = 11
4036  mprotect(0x7fd507ffe000, 4096, PROT_READ <unfinished ...>
4038  <... read resumed>"proc /proc proc rw,nosuid,nodev,"..., 1024) = 1024
4037  fstat(11,  <unfinished ...>
4036  <... mprotect resumed>)           = 0
4038  read(13,  <unfinished ...>
4037  <... fstat resumed>{st_mode=S_IFREG|0444, st_size=0, ...}) = 0
4038  <... read resumed>",nodev,noexec,relatime 0 0\ndebug"..., 1024) = 926
4037  read(11,  <unfinished ...>
4036  mprotect(0x7fd508522000, 4096, PROT_READ <unfinished ...>
4038  read(13,  <unfinished ...>
4037  <... read resumed>"nodev\tsysfs\nnodev\ttmpfs\nnodev\tbd"..., 1024) = 332
4036  <... mprotect resumed>)           = 0
4038  <... read resumed>"", 1024)       = 0
4037  close(11 <unfinished ...>
4038  close(13 <unfinished ...>
4037  <... close resumed>)              = 0
4036  mprotect(0x7fd508575000, 16384, PROT_READ <unfinished ...>
4037  openat(AT_FDCWD, "/proc/mounts", O_RDONLY|O_CLOEXEC <unfinished ...>
4036  <... mprotect resumed>)           = 0
4038  <... close resumed>)              = 0
4037  <... openat resumed>)             = 11
4038  access("/etc/selinux/config", F_OK <unfinished ...>
4037  fstat(11,  <unfinished ...>
4036  statfs("/sys/fs/selinux",  <unfinished ...>
4038  <... access resumed>)             = 0
4037  <... fstat resumed>{st_mode=S_IFREG|0444, st_size=0, ...}) = 0
4036  <... statfs resumed>{f_type=SYSFS_MAGIC, f_bsize=4096, f_blocks=0, f_bfree=0, f_bavail=0, f_files=0, f_ffree=0, f_fsid={val=[0, 0]}, f_namelen=255, f_frsize=4096, f_flags=ST_VALID|ST_NOSUID|ST_NODEV|ST_NOEXEC|ST_RELATIME}) = 0
4038  prctl(PR_CAPBSET_READ, CAP_MAC_OVERRIDE <unfinished ...>
4037  read(11,  <unfinished ...>
4038  <... prctl resumed>)              = 1
4036  statfs("/selinux",  <unfinished ...>
4038  prctl(PR_CAPBSET_READ, 0x30 /* CAP_??? */ <unfinished ...>
4037  <... read resumed>"proc /proc proc rw,nosuid,nodev,"..., 1024) = 1024
4036  <... statfs resumed>0x7ffd568a5fa0) = -1 ENOENT (No such file or directory)
4038  <... prctl resumed>)              = -1 EINVAL (Invalid argument)
4037  read(11,  <unfinished ...>
4036  openat(AT_FDCWD, "/proc/filesystems", O_RDONLY|O_CLOEXEC <unfinished ...>
4038  prctl(PR_CAPBSET_READ, CAP_CHECKPOINT_RESTORE) = 1
4037  <... read resumed>",nodev,noexec,relatime 0 0\ndebug"..., 1024) = 926
4036  <... openat resumed>)             = 9
4038  prctl(PR_CAPBSET_READ, 0x2c /* CAP_??? */) = -1 EINVAL (Invalid argument)
4037  read(11,  <unfinished ...>
4036  fstat(9,  <unfinished ...>
4038  prctl(PR_CAPBSET_READ, 0x2a /* CAP_??? */) = -1 EINVAL (Invalid argument)
4037  <... read resumed>"", 1024)       = 0
4036  <... fstat resumed>{st_mode=S_IFREG|0444, st_size=0, ...}) = 0
4038  prctl(PR_CAPBSET_READ, 0x29 /* CAP_??? */ <unfinished ...>
4037  close(11 <unfinished ...>
4038  <... prctl resumed>)              = -1 EINVAL (Invalid argument)
4036  read(9,  <unfinished ...>
4037  <... close resumed>)              = 0
4038  munmap(0x7fd50857a000, 14083 <unfinished ...>
4037  access("/etc/selinux/config", F_OK <unfinished ...>
4036  <... read resumed>"nodev\tsysfs\nnodev\ttmpfs\nnodev\tbd"..., 1024) = 332
4038  <... munmap resumed>)             = 0
4038  rt_sigprocmask(SIG_BLOCK, [HUP USR1 USR2 PIPE ALRM CHLD TSTP URG VTALRM PROF WINCH IO],  <unfinished ...>
4037  <... access resumed>)             = 0
4036  close(9 <unfinished ...>
4038  <... rt_sigprocmask resumed>[HUP INT QUIT USR1 USR2 ALRM TERM CHLD WINCH IO], 8) = 0
4038  futex(0x7fd5085799f8, FUTEX_WAKE_PRIVATE, 2147483647 <unfinished ...>
4037  prctl(PR_CAPBSET_READ, CAP_MAC_OVERRIDE <unfinished ...>
4036  <... close resumed>)              = 0
4038  <... futex resumed>)              = 0
4038  openat(AT_FDCWD, "/run/systemd/userdb/", O_RDONLY|O_NONBLOCK|O_CLOEXEC|O_DIRECTORY <unfinished ...>
4037  <... prctl resumed>)              = 1
4036  openat(AT_FDCWD, "/proc/mounts", O_RDONLY|O_CLOEXEC <unfinished ...>
4038  <... openat resumed>)             = 13
4037  prctl(PR_CAPBSET_READ, 0x30 /* CAP_??? */ <unfinished ...>
4036  <... openat resumed>)             = 9
4038  fstat(13, {st_mode=S_IFDIR|0755, st_size=60, ...}) = 0
4037  <... prctl resumed>)              = -1 EINVAL (Invalid argument)
4036  fstat(9, {st_mode=S_IFREG|0444, st_size=0, ...}) = 0
4038  getdents64(13,  <unfinished ...>
4037  prctl(PR_CAPBSET_READ, CAP_CHECKPOINT_RESTORE <unfinished ...>
4036  read(9,  <unfinished ...>
4038  <... getdents64 resumed>0x5572426500f0 /* 3 entries */, 32768) = 96
4038  socket(AF_UNIX, SOCK_STREAM|SOCK_CLOEXEC|SOCK_NONBLOCK, 0 <unfinished ...>
4037  <... prctl resumed>)              = 1
4036  <... read resumed>"proc /proc proc rw,nosuid,nodev,"..., 1024) = 1024
4038  <... socket resumed>)             = 14
4037  prctl(PR_CAPBSET_READ, 0x2c /* CAP_??? */ <unfinished ...>
4036  read(9,  <unfinished ...>
4038  connect(14, {sa_family=AF_UNIX, sun_path="/run/systemd/userdb/io.systemd.DynamicUser"}, 45 <unfinished ...>
4037  <... prctl resumed>)              = -1 EINVAL (Invalid argument)
4036  <... read resumed>",nodev,noexec,relatime 0 0\ndebug"..., 1024) = 926
4038  <... connect resumed>)            = 0
4038  getpid( <unfinished ...>
4036  read(9,  <unfinished ...>
4038  <... getpid resumed>)             = 4038
4037  prctl(PR_CAPBSET_READ, 0x2a /* CAP_??? */ <unfinished ...>
4036  <... read resumed>"", 1024)       = 0
4038  epoll_create1(EPOLL_CLOEXEC <unfinished ...>
4037  <... prctl resumed>)              = -1 EINVAL (Invalid argument)
4038  <... epoll_create1 resumed>)      = 15
4036  close(9 <unfinished ...>
4037  prctl(PR_CAPBSET_READ, 0x29 /* CAP_??? */ <unfinished ...>
4036  <... close resumed>)              = 0
4038  timerfd_create(CLOCK_MONOTONIC, TFD_CLOEXEC|TFD_NONBLOCK <unfinished ...>
4037  <... prctl resumed>)              = -1 EINVAL (Invalid argument)
4036  access("/etc/selinux/config", F_OK <unfinished ...>
4038  <... timerfd_create resumed>)     = 16
4037  munmap(0x7fd50857a000, 14083 <unfinished ...>
4038  epoll_ctl(15, EPOLL_CTL_ADD, 16, {events=EPOLLIN, data={u32=1113723744, u64=93949228356448}} <unfinished ...>
4036  <... access resumed>)             = 0
4037  <... munmap resumed>)             = 0
4038  <... epoll_ctl resumed>)          = 0
4037  rt_sigprocmask(SIG_BLOCK, [HUP USR1 USR2 PIPE ALRM CHLD TSTP URG VTALRM PROF WINCH IO],  <unfinished ...>
4036  prctl(PR_CAPBSET_READ, CAP_MAC_OVERRIDE <unfinished ...>
4038  epoll_ctl(15, EPOLL_CTL_ADD, 14, {events=0, data={u32=1113894256, u64=93949228526960}} <unfinished ...>
4037  <... rt_sigprocmask resumed>[HUP INT QUIT USR1 USR2 ALRM TERM CHLD WINCH IO], 8) = 0
4038  <... epoll_ctl resumed>)          = 0
4036  <... prctl resumed>)              = 1
4037  futex(0x7fd5085799f8, FUTEX_WAKE_PRIVATE, 2147483647 <unfinished ...>
4038  getrandom( <unfinished ...>
4037  <... futex resumed>)              = 0
4036  prctl(PR_CAPBSET_READ, 0x30 /* CAP_??? */ <unfinished ...>
4038  <... getrandom resumed>"\x7f\xdd\xcd\xb4\x5b\x4f\x49\xe3\xcd\x96\x87\x50\x1c\x2e\xf0\xd8", 16, GRND_INSECURE) = 16
4037  openat(AT_FDCWD, "/run/systemd/userdb/", O_RDONLY|O_NONBLOCK|O_CLOEXEC|O_DIRECTORY <unfinished ...>
4038  futex(0x7fd5085790c0, FUTEX_WAKE_PRIVATE, 2147483647 <unfinished ...>
4036  <... prctl resumed>)              = -1 EINVAL (Invalid argument)
4038  <... futex resumed>)              = 0
4037  <... openat resumed>)             = 11
4036  prctl(PR_CAPBSET_READ, CAP_CHECKPOINT_RESTORE <unfinished ...>
4038  getdents64(13,  <unfinished ...>
4037  fstat(11,  <unfinished ...>
4038  <... getdents64 resumed>0x5572426500f0 /* 0 entries */, 32768) = 0
4036  <... prctl resumed>)              = 1
4037  <... fstat resumed>{st_mode=S_IFDIR|0755, st_size=60, ...}) = 0
4038  close(13 <unfinished ...>
4037  getdents64(11,  <unfinished ...>
4036  prctl(PR_CAPBSET_READ, 0x2c /* CAP_??? */ <unfinished ...>
4038  <... close resumed>)              = 0
4037  <... getdents64 resumed>0x5572426500f0 /* 3 entries */, 32768) = 96
4038  openat(AT_FDCWD, "/", O_RDONLY|O_CLOEXEC|O_PATH|O_DIRECTORY <unfinished ...>
4036  <... prctl resumed>)              = -1 EINVAL (Invalid argument)
4037  socket(AF_UNIX, SOCK_STREAM|SOCK_CLOEXEC|SOCK_NONBLOCK, 0 <unfinished ...>
4036  prctl(PR_CAPBSET_READ, 0x2a /* CAP_??? */ <unfinished ...>
4038  <... openat resumed>)             = 13
4038  openat(13, "etc", O_RDONLY|O_NOFOLLOW|O_CLOEXEC|O_PATH <unfinished ...>
4037  <... socket resumed>)             = 12
4036  <... prctl resumed>)              = -1 EINVAL (Invalid argument)
4038  <... openat resumed>)             = 17
4037  connect(12, {sa_family=AF_UNIX, sun_path="/run/systemd/userdb/io.systemd.DynamicUser"}, 45 <unfinished ...>
4036  prctl(PR_CAPBSET_READ, 0x29 /* CAP_??? */ <unfinished ...>
4038  fstat(17,  <unfinished ...>
4037  <... connect resumed>)            = 0
4038  <... fstat resumed>{st_mode=S_IFDIR|0755, st_size=8192, ...}) = 0
4037  getpid( <unfinished ...>
4036  <... prctl resumed>)              = -1 EINVAL (Invalid argument)
4038  close(13)                         = 0
4037  <... getpid resumed>)             = 4037
4036  munmap(0x7fd50857a000, 14083 <unfinished ...>
4038  openat(17, "userdb", O_RDONLY|O_NOFOLLOW|O_CLOEXEC|O_PATH <unfinished ...>
4037  epoll_create1(EPOLL_CLOEXEC <unfinished ...>
4036  <... munmap resumed>)             = 0
4038  <... openat resumed>)             = -1 ENOENT (No such file or directory)
4037  <... epoll_create1 resumed>)      = 13
4038  close(17 <unfinished ...>
4037  timerfd_create(CLOCK_MONOTONIC, TFD_CLOEXEC|TFD_NONBLOCK <unfinished ...>
4036  rt_sigprocmask(SIG_BLOCK, [HUP USR1 USR2 PIPE ALRM CHLD TSTP URG VTALRM PROF WINCH IO],  <unfinished ...>
4038  <... close resumed>)              = 0
4037  <... timerfd_create resumed>)     = 14
4038  openat(AT_FDCWD, "/", O_RDONLY|O_CLOEXEC|O_PATH|O_DIRECTORY <unfinished ...>
4036  <... rt_sigprocmask resumed>[HUP INT QUIT USR1 USR2 ALRM TERM CHLD WINCH IO], 8) = 0
4037  epoll_ctl(13, EPOLL_CTL_ADD, 14, {events=EPOLLIN, data={u32=1113723744, u64=93949228356448}} <unfinished ...>
4038  <... openat resumed>)             = 13
4036  futex(0x7fd5085799f8, FUTEX_WAKE_PRIVATE, 2147483647 <unfinished ...>
4037  <... epoll_ctl resumed>)          = 0
4038  openat(13, "run", O_RDONLY|O_NOFOLLOW|O_CLOEXEC|O_PATH <unfinished ...>
4037  epoll_ctl(13, EPOLL_CTL_ADD, 12, {events=0, data={u32=1113894256, u64=93949228526960}} <unfinished ...>
4036  <... futex resumed>)              = 0
4038  <... openat resumed>)             = 17
4038  fstat(17,  <unfinished ...>
4037  <... epoll_ctl resumed>)          = 0
4036  openat(AT_FDCWD, "/run/systemd/userdb/", O_RDONLY|O_NONBLOCK|O_CLOEXEC|O_DIRECTORY <unfinished ...>
4038  <... fstat resumed>{st_mode=S_IFDIR|0755, st_size=800, ...}) = 0
4038  close(13 <unfinished ...>
4037  getrandom( <unfinished ...>
4036  <... openat resumed>)             = 9
4038  <... close resumed>)              = 0
4037  <... getrandom resumed>"\xd8\x44\x8c\x42\x61\x52\x67\xca\x10\x22\x77\xeb\xc1\xf6\xfc\x2d", 16, GRND_INSECURE) = 16
4038  openat(17, "userdb", O_RDONLY|O_NOFOLLOW|O_CLOEXEC|O_PATH <unfinished ...>
4036  fstat(9,  <unfinished ...>
4037  futex(0x7fd5085790c0, FUTEX_WAKE_PRIVATE, 2147483647 <unfinished ...>
4036  <... fstat resumed>{st_mode=S_IFDIR|0755, st_size=60, ...}) = 0
4038  <... openat resumed>)             = -1 ENOENT (No such file or directory)
4037  <... futex resumed>)              = 0
4036  getdents64(9,  <unfinished ...>
4038  close(17 <unfinished ...>
4037  getdents64(11,  <unfinished ...>
4038  <... close resumed>)              = 0
4037  <... getdents64 resumed>0x5572426500f0 /* 0 entries */, 32768) = 0
4036  <... getdents64 resumed>0x5572426500f0 /* 3 entries */, 32768) = 96
4038  openat(AT_FDCWD, "/", O_RDONLY|O_CLOEXEC|O_PATH|O_DIRECTORY <unfinished ...>
4037  close(11 <unfinished ...>
4038  <... openat resumed>)             = 13
4036  socket(AF_UNIX, SOCK_STREAM|SOCK_CLOEXEC|SOCK_NONBLOCK, 0 <unfinished ...>
4037  <... close resumed>)              = 0
4038  openat(13, "run", O_RDONLY|O_NOFOLLOW|O_CLOEXEC|O_PATH <unfinished ...>
4037  openat(AT_FDCWD, "/", O_RDONLY|O_CLOEXEC|O_PATH|O_DIRECTORY <unfinished ...>
4036  <... socket resumed>)             = 10
4038  <... openat resumed>)             = 17
4038  fstat(17,  <unfinished ...>
4037  <... openat resumed>)             = 11
4036  connect(10, {sa_family=AF_UNIX, sun_path="/run/systemd/userdb/io.systemd.DynamicUser"}, 45 <unfinished ...>
4038  <... fstat resumed>{st_mode=S_IFDIR|0755, st_size=800, ...}) = 0
4037  openat(11, "etc", O_RDONLY|O_NOFOLLOW|O_CLOEXEC|O_PATH <unfinished ...>
4038  close(13 <unfinished ...>
4036  <... connect resumed>)            = 0
4038  <... close resumed>)              = 0
4037  <... openat resumed>)             = 15
4036  getpid( <unfinished ...>
4038  openat(17, "host", O_RDONLY|O_NOFOLLOW|O_CLOEXEC|O_PATH <unfinished ...>
4037  fstat(15,  <unfinished ...>
4038  <... openat resumed>)             = -1 ENOENT (No such file or directory)
4036  <... getpid resumed>)             = 4036
4038  close(17 <unfinished ...>
4037  <... fstat resumed>{st_mode=S_IFDIR|0755, st_size=8192, ...}) = 0
4038  <... close resumed>)              = 0
4036  epoll_create1(EPOLL_CLOEXEC <unfinished ...>
4038  openat(AT_FDCWD, "/", O_RDONLY|O_CLOEXEC|O_PATH|O_DIRECTORY <unfinished ...>
4037  close(11 <unfinished ...>
4036  <... epoll_create1 resumed>)      = 11
4038  <... openat resumed>)             = 13
4037  <... close resumed>)              = 0
4036  timerfd_create(CLOCK_MONOTONIC, TFD_CLOEXEC|TFD_NONBLOCK <unfinished ...>
4038  openat(13, "usr", O_RDONLY|O_NOFOLLOW|O_CLOEXEC|O_PATH <unfinished ...>
4037  openat(15, "userdb", O_RDONLY|O_NOFOLLOW|O_CLOEXEC|O_PATH <unfinished ...>
4038  <... openat resumed>)             = 17
4036  <... timerfd_create resumed>)     = 12
4038  fstat(17,  <unfinished ...>
4037  <... openat resumed>)             = -1 ENOENT (No such file or directory)
4036  epoll_ctl(11, EPOLL_CTL_ADD, 12, {events=EPOLLIN, data={u32=1113723744, u64=93949228356448}} <unfinished ...>
4038  <... fstat resumed>{st_mode=S_IFDIR|0755, st_size=155, ...}) = 0
4037  close(15 <unfinished ...>
4036  <... epoll_ctl resumed>)          = 0
4038  close(13)                         = 0
4037  <... close resumed>)              = 0
4036  epoll_ctl(11, EPOLL_CTL_ADD, 10, {events=0, data={u32=1113894256, u64=93949228526960}} <unfinished ...>
4038  openat(17, "local", O_RDONLY|O_NOFOLLOW|O_CLOEXEC|O_PATH <unfinished ...>
4037  openat(AT_FDCWD, "/", O_RDONLY|O_CLOEXEC|O_PATH|O_DIRECTORY <unfinished ...>
4036  <... epoll_ctl resumed>)          = 0
4038  <... openat resumed>)             = 13
4038  fstat(13,  <unfinished ...>
4037  <... openat resumed>)             = 11
4036  getrandom( <unfinished ...>
4038  <... fstat resumed>{st_mode=S_IFDIR|0755, st_size=131, ...}) = 0
4037  openat(11, "run", O_RDONLY|O_NOFOLLOW|O_CLOEXEC|O_PATH <unfinished ...>
4036  <... getrandom resumed>"\x16\xc4\xd8\x89\x74\x90\x65\xf2\xa4\x4e\xae\xa2\x9b\x1c\x01\xfb", 16, GRND_INSECURE) = 16
4038  close(17 <unfinished ...>
4037  <... openat resumed>)             = 15
4036  futex(0x7fd5085790c0, FUTEX_WAKE_PRIVATE, 2147483647 <unfinished ...>
4038  <... close resumed>)              = 0
4037  fstat(15,  <unfinished ...>
4036  <... futex resumed>)              = 0
4038  openat(13, "lib", O_RDONLY|O_NOFOLLOW|O_CLOEXEC|O_PATH <unfinished ...>
4037  <... fstat resumed>{st_mode=S_IFDIR|0755, st_size=800, ...}) = 0
4036  getdents64(9,  <unfinished ...>
4038  <... openat resumed>)             = 17
4037  close(11 <unfinished ...>
4038  fstat(17,  <unfinished ...>
4036  <... getdents64 resumed>0x5572426500f0 /* 0 entries */, 32768) = 0
4038  <... fstat resumed>{st_mode=S_IFDIR|0755, st_size=6, ...}) = 0
4037  <... close resumed>)              = 0
4036  close(9 <unfinished ...>
4038  close(13)                         = 0
4037  openat(15, "userdb", O_RDONLY|O_NOFOLLOW|O_CLOEXEC|O_PATH <unfinished ...>
4036  <... close resumed>)              = 0
4038  openat(17, "userdb", O_RDONLY|O_NOFOLLOW|O_CLOEXEC|O_PATH <unfinished ...>
4037  <... openat resumed>)             = -1 ENOENT (No such file or directory)
4038  <... openat resumed>)             = -1 ENOENT (No such file or directory)
4036  openat(AT_FDCWD, "/", O_RDONLY|O_CLOEXEC|O_PATH|O_DIRECTORY <unfinished ...>
4038  close(17 <unfinished ...>
4037  close(15 <unfinished ...>
4036  <... openat resumed>)             = 9
4038  <... close resumed>)              = 0
4037  <... close resumed>)              = 0
4036  openat(9, "etc", O_RDONLY|O_NOFOLLOW|O_CLOEXEC|O_PATH <unfinished ...>
4038  openat(AT_FDCWD, "/", O_RDONLY|O_CLOEXEC|O_PATH|O_DIRECTORY <unfinished ...>
4037  openat(AT_FDCWD, "/", O_RDONLY|O_CLOEXEC|O_PATH|O_DIRECTORY <unfinished ...>
4036  <... openat resumed>)             = 13
4038  <... openat resumed>)             = 13
4037  <... openat resumed>)             = 11
4036  fstat(13,  <unfinished ...>
4038  openat(13, "usr", O_RDONLY|O_NOFOLLOW|O_CLOEXEC|O_PATH <unfinished ...>
4037  openat(11, "run", O_RDONLY|O_NOFOLLOW|O_CLOEXEC|O_PATH <unfinished ...>
4036  <... fstat resumed>{st_mode=S_IFDIR|0755, st_size=8192, ...}) = 0
4038  <... openat resumed>)             = 17
4037  <... openat resumed>)             = 15
4038  fstat(17,  <unfinished ...>
4036  close(9 <unfinished ...>
4038  <... fstat resumed>{st_mode=S_IFDIR|0755, st_size=155, ...}) = 0
4037  fstat(15,  <unfinished ...>
4036  <... close resumed>)              = 0
4038  close(13 <unfinished ...>
4037  <... fstat resumed>{st_mode=S_IFDIR|0755, st_size=800, ...}) = 0
4036  openat(13, "userdb", O_RDONLY|O_NOFOLLOW|O_CLOEXEC|O_PATH <unfinished ...>
4038  <... close resumed>)              = 0
4037  close(11 <unfinished ...>
4036  <... openat resumed>)             = -1 ENOENT (No such file or directory)
4038  openat(17, "lib", O_RDONLY|O_NOFOLLOW|O_CLOEXEC|O_PATH <unfinished ...>
4037  <... close resumed>)              = 0
4036  close(13 <unfinished ...>
4038  <... openat resumed>)             = 13
4038  fstat(13,  <unfinished ...>
4037  openat(15, "host", O_RDONLY|O_NOFOLLOW|O_CLOEXEC|O_PATH <unfinished ...>
4036  <... close resumed>)              = 0
4038  <... fstat resumed>{st_mode=S_IFDIR|0555, st_size=4096, ...}) = 0
4037  <... openat resumed>)             = -1 ENOENT (No such file or directory)
4036  openat(AT_FDCWD, "/", O_RDONLY|O_CLOEXEC|O_PATH|O_DIRECTORY <unfinished ...>
4038  close(17 <unfinished ...>
4037  close(15 <unfinished ...>
4036  <... openat resumed>)             = 9
4038  <... close resumed>)              = 0
4037  <... close resumed>)              = 0
4036  openat(9, "run", O_RDONLY|O_NOFOLLOW|O_CLOEXEC|O_PATH <unfinished ...>
4038  openat(13, "userdb", O_RDONLY|O_NOFOLLOW|O_CLOEXEC|O_PATH <unfinished ...>
4037  openat(AT_FDCWD, "/", O_RDONLY|O_CLOEXEC|O_PATH|O_DIRECTORY <unfinished ...>
4036  <... openat resumed>)             = 13
4038  <... openat resumed>)             = -1 ENOENT (No such file or directory)
4037  <... openat resumed>)             = 11
4036  fstat(13,  <unfinished ...>
4038  close(13 <unfinished ...>
4037  openat(11, "usr", O_RDONLY|O_NOFOLLOW|O_CLOEXEC|O_PATH <unfinished ...>
4038  <... close resumed>)              = 0
4036  <... fstat resumed>{st_mode=S_IFDIR|0755, st_size=800, ...}) = 0
4038  openat(AT_FDCWD, "/", O_RDONLY|O_CLOEXEC|O_PATH|O_DIRECTORY <unfinished ...>
4037  <... openat resumed>)             = 15
4036  close(9 <unfinished ...>
4038  <... openat resumed>)             = 13
4037  fstat(15,  <unfinished ...>
4038  openat(13, "etc", O_RDONLY|O_NOFOLLOW|O_CLOEXEC|O_PATH <unfinished ...>
4036  <... close resumed>)              = 0
4037  <... fstat resumed>{st_mode=S_IFDIR|0755, st_size=155, ...}) = 0
4038  <... openat resumed>)             = 17
4036  openat(13, "userdb", O_RDONLY|O_NOFOLLOW|O_CLOEXEC|O_PATH <unfinished ...>
4038  fstat(17,  <unfinished ...>
4037  close(11 <unfinished ...>
4038  <... fstat resumed>{st_mode=S_IFDIR|0755, st_size=8192, ...}) = 0
4036  <... openat resumed>)             = -1 ENOENT (No such file or directory)
4038  close(13 <unfinished ...>
4037  <... close resumed>)              = 0
4038  <... close resumed>)              = 0
4036  close(13 <unfinished ...>
4038  openat(17, "userdb", O_RDONLY|O_NOFOLLOW|O_CLOEXEC|O_PATH <unfinished ...>
4037  openat(15, "local", O_RDONLY|O_NOFOLLOW|O_CLOEXEC|O_PATH <unfinished ...>
4036  <... close resumed>)              = 0
4038  <... openat resumed>)             = -1 ENOENT (No such file or directory)
4037  <... openat resumed>)             = 11
4036  openat(AT_FDCWD, "/", O_RDONLY|O_CLOEXEC|O_PATH|O_DIRECTORY <unfinished ...>
4038  close(17 <unfinished ...>
4037  fstat(11,  <unfinished ...>
4038  <... close resumed>)              = 0
4036  <... openat resumed>)             = 9
4038  openat(AT_FDCWD, "/", O_RDONLY|O_CLOEXEC|O_PATH|O_DIRECTORY <unfinished ...>
4037  <... fstat resumed>{st_mode=S_IFDIR|0755, st_size=131, ...}) = 0
4038  <... openat resumed>)             = 13
4036  openat(9, "run", O_RDONLY|O_NOFOLLOW|O_CLOEXEC|O_PATH <unfinished ...>
4038  openat(13, "run", O_RDONLY|O_NOFOLLOW|O_CLOEXEC|O_PATH <unfinished ...>
4037  close(15 <unfinished ...>
4038  <... openat resumed>)             = 17
4037  <... close resumed>)              = 0
4036  <... openat resumed>)             = 13
4038  fstat(17,  <unfinished ...>
4037  openat(11, "lib", O_RDONLY|O_NOFOLLOW|O_CLOEXEC|O_PATH <unfinished ...>
4038  <... fstat resumed>{st_mode=S_IFDIR|0755, st_size=800, ...}) = 0
4036  fstat(13,  <unfinished ...>
4037  <... openat resumed>)             = 15
4038  close(13)                         = 0
4037  fstat(15,  <unfinished ...>
4036  <... fstat resumed>{st_mode=S_IFDIR|0755, st_size=800, ...}) = 0
4038  openat(17, "userdb", O_RDONLY|O_NOFOLLOW|O_CLOEXEC|O_PATH <unfinished ...>
4037  <... fstat resumed>{st_mode=S_IFDIR|0755, st_size=6, ...}) = 0
4036  close(9 <unfinished ...>
4038  <... openat resumed>)             = -1 ENOENT (No such file or directory)
4037  close(11 <unfinished ...>
4038  close(17 <unfinished ...>
4036  <... close resumed>)              = 0
4038  <... close resumed>)              = 0
4037  <... close resumed>)              = 0
4036  openat(13, "host", O_RDONLY|O_NOFOLLOW|O_CLOEXEC|O_PATH <unfinished ...>
4038  openat(AT_FDCWD, "/", O_RDONLY|O_CLOEXEC|O_PATH|O_DIRECTORY <unfinished ...>
4037  openat(15, "userdb", O_RDONLY|O_NOFOLLOW|O_CLOEXEC|O_PATH <unfinished ...>
4036  <... openat resumed>)             = -1 ENOENT (No such file or directory)
4038  <... openat resumed>)             = 13
4037  <... openat resumed>)             = -1 ENOENT (No such file or directory)
4038  openat(13, "run", O_RDONLY|O_NOFOLLOW|O_CLOEXEC|O_PATH <unfinished ...>
4037  close(15 <unfinished ...>
4036  close(13 <unfinished ...>
4038  <... openat resumed>)             = 17
4038  fstat(17,  <unfinished ...>
4037  <... close resumed>)              = 0
4036  <... close resumed>)              = 0
4038  <... fstat resumed>{st_mode=S_IFDIR|0755, st_size=800, ...}) = 0
4037  openat(AT_FDCWD, "/", O_RDONLY|O_CLOEXEC|O_PATH|O_DIRECTORY <unfinished ...>
4036  openat(AT_FDCWD, "/", O_RDONLY|O_CLOEXEC|O_PATH|O_DIRECTORY <unfinished ...>
4038  close(13 <unfinished ...>
4037  <... openat resumed>)             = 11
4038  <... close resumed>)              = 0
4036  <... openat resumed>)             = 9
4037  openat(11, "usr", O_RDONLY|O_NOFOLLOW|O_CLOEXEC|O_PATH <unfinished ...>
4038  openat(17, "host", O_RDONLY|O_NOFOLLOW|O_CLOEXEC|O_PATH <unfinished ...>
4037  <... openat resumed>)             = 15
4036  openat(9, "usr", O_RDONLY|O_NOFOLLOW|O_CLOEXEC|O_PATH <unfinished ...>
4038  <... openat resumed>)             = -1 ENOENT (No such file or directory)
4037  fstat(15,  <unfinished ...>
4038  close(17 <unfinished ...>
4036  <... openat resumed>)             = 13
4038  <... close resumed>)              = 0
4037  <... fstat resumed>{st_mode=S_IFDIR|0755, st_size=155, ...}) = 0
4038  openat(AT_FDCWD, "/", O_RDONLY|O_CLOEXEC|O_PATH|O_DIRECTORY <unfinished ...>
4036  fstat(13,  <unfinished ...>
4038  <... openat resumed>)             = 13
4037  close(11 <unfinished ...>
4038  openat(13, "usr", O_RDONLY|O_NOFOLLOW|O_CLOEXEC|O_PATH <unfinished ...>
4036  <... fstat resumed>{st_mode=S_IFDIR|0755, st_size=155, ...}) = 0
4038  <... openat resumed>)             = 17
4037  <... close resumed>)              = 0
4038  fstat(17,  <unfinished ...>
4036  close(9 <unfinished ...>
4037  openat(15, "lib", O_RDONLY|O_NOFOLLOW|O_CLOEXEC|O_PATH <unfinished ...>
4038  <... fstat resumed>{st_mode=S_IFDIR|0755, st_size=155, ...}) = 0
4036  <... close resumed>)              = 0
4037  <... openat resumed>)             = 11
4038  close(13)                         = 0
4037  fstat(11,  <unfinished ...>
4036  openat(13, "local", O_RDONLY|O_NOFOLLOW|O_CLOEXEC|O_PATH <unfinished ...>
4038  openat(17, "local", O_RDONLY|O_NOFOLLOW|O_CLOEXEC|O_PATH <unfinished ...>
4037  <... fstat resumed>{st_mode=S_IFDIR|0555, st_size=4096, ...}) = 0
4038  <... openat resumed>)             = 13
4036  <... openat resumed>)             = 9
4037  close(15 <unfinished ...>
4038  fstat(13,  <unfinished ...>
4037  <... close resumed>)              = 0
4036  fstat(9,  <unfinished ...>
4038  <... fstat resumed>{st_mode=S_IFDIR|0755, st_size=131, ...}) = 0
4037  openat(11, "userdb", O_RDONLY|O_NOFOLLOW|O_CLOEXEC|O_PATH <unfinished ...>
4038  close(17 <unfinished ...>
4036  <... fstat resumed>{st_mode=S_IFDIR|0755, st_size=131, ...}) = 0
4038  <... close resumed>)              = 0
4037  <... openat resumed>)             = -1 ENOENT (No such file or directory)
4038  openat(13, "lib", O_RDONLY|O_NOFOLLOW|O_CLOEXEC|O_PATH <unfinished ...>
4037  close(11 <unfinished ...>
4036  close(13 <unfinished ...>
4038  <... openat resumed>)             = 17
4037  <... close resumed>)              = 0
4036  <... close resumed>)              = 0
4038  fstat(17,  <unfinished ...>
4037  openat(AT_FDCWD, "/", O_RDONLY|O_CLOEXEC|O_PATH|O_DIRECTORY <unfinished ...>
4038  <... fstat resumed>{st_mode=S_IFDIR|0755, st_size=6, ...}) = 0
4036  openat(9, "lib", O_RDONLY|O_NOFOLLOW|O_CLOEXEC|O_PATH <unfinished ...>
4038  close(13 <unfinished ...>
4037  <... openat resumed>)             = 11
4038  <... close resumed>)              = 0
4036  <... openat resumed>)             = 13
4037  openat(11, "etc", O_RDONLY|O_NOFOLLOW|O_CLOEXEC|O_PATH <unfinished ...>
4038  openat(17, "userdb", O_RDONLY|O_NOFOLLOW|O_CLOEXEC|O_PATH) = -1 ENOENT (No such file or directory)
4037  <... openat resumed>)             = 15
4036  fstat(13,  <unfinished ...>
4038  close(17)                         = 0
4037  fstat(15,  <unfinished ...>
4036  <... fstat resumed>{st_mode=S_IFDIR|0755, st_size=6, ...}) = 0
4038  openat(AT_FDCWD, "/", O_RDONLY|O_CLOEXEC|O_PATH|O_DIRECTORY <unfinished ...>
4037  <... fstat resumed>{st_mode=S_IFDIR|0755, st_size=8192, ...}) = 0
4038  <... openat resumed>)             = 13
4036  close(9 <unfinished ...>
4037  close(11 <unfinished ...>
4038  openat(13, "usr", O_RDONLY|O_NOFOLLOW|O_CLOEXEC|O_PATH <unfinished ...>
4037  <... close resumed>)              = 0
4036  <... close resumed>)              = 0
4038  <... openat resumed>)             = 17
4037  openat(15, "userdb", O_RDONLY|O_NOFOLLOW|O_CLOEXEC|O_PATH <unfinished ...>
4038  fstat(17,  <unfinished ...>
4036  openat(13, "userdb", O_RDONLY|O_NOFOLLOW|O_CLOEXEC|O_PATH <unfinished ...>
4038  <... fstat resumed>{st_mode=S_IFDIR|0755, st_size=155, ...}) = 0
4037  <... openat resumed>)             = -1 ENOENT (No such file or directory)
4036  <... openat resumed>)             = -1 ENOENT (No such file or directory)
4038  close(13 <unfinished ...>
4037  close(15 <unfinished ...>
4038  <... close resumed>)              = 0
4036  close(13 <unfinished ...>
4037  <... close resumed>)              = 0
4038  openat(17, "lib", O_RDONLY|O_NOFOLLOW|O_CLOEXEC|O_PATH <unfinished ...>
4036  <... close resumed>)              = 0
4037  openat(AT_FDCWD, "/", O_RDONLY|O_CLOEXEC|O_PATH|O_DIRECTORY <unfinished ...>
4038  <... openat resumed>)             = 13
4037  <... openat resumed>)             = 11
4036  openat(AT_FDCWD, "/", O_RDONLY|O_CLOEXEC|O_PATH|O_DIRECTORY <unfinished ...>
4038  fstat(13,  <unfinished ...>
4037  openat(11, "run", O_RDONLY|O_NOFOLLOW|O_CLOEXEC|O_PATH <unfinished ...>
4038  <... fstat resumed>{st_mode=S_IFDIR|0555, st_size=4096, ...}) = 0
4036  <... openat resumed>)             = 9
4037  <... openat resumed>)             = 15
4038  close(17 <unfinished ...>
4036  openat(9, "usr", O_RDONLY|O_NOFOLLOW|O_CLOEXEC|O_PATH <unfinished ...>
4038  <... close resumed>)              = 0
4037  fstat(15,  <unfinished ...>
4036  <... openat resumed>)             = 13
4037  <... fstat resumed>{st_mode=S_IFDIR|0755, st_size=800, ...}) = 0
4038  openat(13, "userdb", O_RDONLY|O_NOFOLLOW|O_CLOEXEC|O_PATH) = -1 ENOENT (No such file or directory)
4037  close(11 <unfinished ...>
4036  fstat(13,  <unfinished ...>
4038  close(13)                         = 0
4037  <... close resumed>)              = 0
4036  <... fstat resumed>{st_mode=S_IFDIR|0755, st_size=155, ...}) = 0
4038  epoll_ctl(15, EPOLL_CTL_MOD, 14, {events=EPOLLIN|EPOLLOUT, data={u32=1113894256, u64=93949228526960}} <unfinished ...>
4037  openat(15, "userdb", O_RDONLY|O_NOFOLLOW|O_CLOEXEC|O_PATH <unfinished ...>
4038  <... epoll_ctl resumed>)          = 0
4036  close(9 <unfinished ...>
4038  openat(AT_FDCWD, "/proc/sys/kernel/random/boot_id", O_RDONLY|O_NOCTTY|O_CLOEXEC <unfinished ...>
4037  <... openat resumed>)             = -1 ENOENT (No such file or directory)
4036  <... close resumed>)              = 0
4038  <... openat resumed>)             = 13
4037  close(15 <unfinished ...>
4036  openat(13, "lib", O_RDONLY|O_NOFOLLOW|O_CLOEXEC|O_PATH <unfinished ...>
4038  read(13,  <unfinished ...>
4037  <... close resumed>)              = 0
4036  <... openat resumed>)             = 9
4038  <... read resumed>"b1aaed4d-b193-4f87-ac00-c56d371e"..., 38) = 37
4037  openat(AT_FDCWD, "/", O_RDONLY|O_CLOEXEC|O_PATH|O_DIRECTORY <unfinished ...>
4036  fstat(9,  <unfinished ...>
4038  read(13,  <unfinished ...>
4037  <... openat resumed>)             = 11
4036  <... fstat resumed>{st_mode=S_IFDIR|0555, st_size=4096, ...}) = 0
4038  <... read resumed>"", 1)          = 0
4037  openat(11, "run", O_RDONLY|O_NOFOLLOW|O_CLOEXEC|O_PATH <unfinished ...>
4036  close(13 <unfinished ...>
4038  close(13)                         = 0
4037  <... openat resumed>)             = 15
4036  <... close resumed>)              = 0
4038  timerfd_settime(16, TFD_TIMER_ABSTIME, {it_interval={tv_sec=0, tv_nsec=0}, it_value={tv_sec=1485, tv_nsec=268493000}},  <unfinished ...>
4037  fstat(15,  <unfinished ...>
4036  openat(9, "userdb", O_RDONLY|O_NOFOLLOW|O_CLOEXEC|O_PATH <unfinished ...>
4038  <... timerfd_settime resumed>NULL) = 0
4037  <... fstat resumed>{st_mode=S_IFDIR|0755, st_size=800, ...}) = 0
4038  epoll_wait(15,  <unfinished ...>
4036  <... openat resumed>)             = -1 ENOENT (No such file or directory)
4037  close(11 <unfinished ...>
4038  <... epoll_wait resumed>[{events=EPOLLOUT, data={u32=1113894256, u64=93949228526960}}], 8, 0) = 1
4036  close(9 <unfinished ...>
4038  sendto(14, "{\"method\":\"io.systemd.UserDataba"..., 133, MSG_DONTWAIT|MSG_NOSIGNAL, NULL, 0 <unfinished ...>
4037  <... close resumed>)              = 0
4036  <... close resumed>)              = 0
4038  <... sendto resumed>)             = 133
4038  epoll_ctl(15, EPOLL_CTL_MOD, 14, {events=EPOLLIN, data={u32=1113894256, u64=93949228526960}} <unfinished ...>
4037  openat(15, "host", O_RDONLY|O_NOFOLLOW|O_CLOEXEC|O_PATH <unfinished ...>
4036  openat(AT_FDCWD, "/", O_RDONLY|O_CLOEXEC|O_PATH|O_DIRECTORY <unfinished ...>
4038  <... epoll_ctl resumed>)          = 0
4037  <... openat resumed>)             = -1 ENOENT (No such file or directory)
4038  epoll_wait(15,  <unfinished ...>
4037  close(15 <unfinished ...>
4036  <... openat resumed>)             = 9
4038  <... epoll_wait resumed>[{events=EPOLLIN, data={u32=1113894256, u64=93949228526960}}], 8, 0) = 1
4038  mmap(NULL, 135168, PROT_READ|PROT_WRITE, MAP_PRIVATE|MAP_ANONYMOUS, -1, 0 <unfinished ...>
4037  <... close resumed>)              = 0
4036  openat(9, "etc", O_RDONLY|O_NOFOLLOW|O_CLOEXEC|O_PATH <unfinished ...>
4038  <... mmap resumed>)               = 0x7fd507e15000
4038  recvfrom(14,  <unfinished ...>
4037  openat(AT_FDCWD, "/", O_RDONLY|O_CLOEXEC|O_PATH|O_DIRECTORY <unfinished ...>
4036  <... openat resumed>)             = 13
4038  <... recvfrom resumed>"{\"error\":\"io.systemd.UserDatabas"..., 135152, MSG_DONTWAIT, NULL, NULL) = 66
4037  <... openat resumed>)             = 11
4036  fstat(13,  <unfinished ...>
4038  epoll_ctl(15, EPOLL_CTL_MOD, 14, {events=0, data={u32=1113894256, u64=93949228526960}} <unfinished ...>
4037  openat(11, "usr", O_RDONLY|O_NOFOLLOW|O_CLOEXEC|O_PATH <unfinished ...>
4036  <... fstat resumed>{st_mode=S_IFDIR|0755, st_size=8192, ...}) = 0
4038  <... epoll_ctl resumed>)          = 0
4037  <... openat resumed>)             = 15
4036  close(9 <unfinished ...>
4038  epoll_wait(15,  <unfinished ...>
4037  fstat(15,  <unfinished ...>
4036  <... close resumed>)              = 0
4038  <... epoll_wait resumed>[], 8, 0) = 0
4038  epoll_wait(15,  <unfinished ...>
4037  <... fstat resumed>{st_mode=S_IFDIR|0755, st_size=155, ...}) = 0
4036  openat(13, "userdb", O_RDONLY|O_NOFOLLOW|O_CLOEXEC|O_PATH <unfinished ...>
4038  <... epoll_wait resumed>[], 8, 0) = 0
4037  close(11 <unfinished ...>
